[1/5] Loading checkpoint: results/checkpoints/direct_z_conv_delta_episode_v4_swapped_halves/episodicdt.pt
Evaluation device: cuda:0
[2/5] Loading evaluation data: data/processed/sutd_5g/train
[3/5] Generating episodes (progress updates after each batch)
Generation: 0/4,211 source episodes; 32 samples/source; 66 batches
Generation: 64/4,211 (1.5%) | batch 1/66 | elapsed 0.0 min | ETA 0.6 min
Generation: 128/4,211 (3.0%) | batch 2/66 | elapsed 0.0 min | ETA 0.5 min
Generation: 192/4,211 (4.6%) | batch 3/66 | elapsed 0.0 min | ETA 0.5 min
Generation: 256/4,211 (6.1%) | batch 4/66 | elapsed 0.0 min | ETA 0.5 min
Generation: 320/4,211 (7.6%) | batch 5/66 | elapsed 0.0 min | ETA 0.4 min
Generation: 384/4,211 (9.1%) | batch 6/66 | elapsed 0.0 min | ETA 0.4 min
Generation: 448/4,211 (10.6%) | batch 7/66 | elapsed 0.0 min | ETA 0.4 min
Generation: 512/4,211 (12.2%) | batch 8/66 | elapsed 0.1 min | ETA 0.4 min
Generation: 576/4,211 (13.7%) | batch 9/66 | elapsed 0.1 min | ETA 0.4 min
Generation: 640/4,211 (15.2%) | batch 10/66 | elapsed 0.1 min | ETA 0.4 min
Generation: 704/4,211 (16.7%) | batch 11/66 | elapsed 0.1 min | ETA 0.4 min
Generation: 768/4,211 (18.2%) | batch 12/66 | elapsed 0.1 min | ETA 0.4 min
Generation: 832/4,211 (19.8%) | batch 13/66 | elapsed 0.1 min | ETA 0.4 min
Generation: 896/4,211 (21.3%) | batch 14/66 | elapsed 0.1 min | ETA 0.4 min
Generation: 960/4,211 (22.8%) | batch 15/66 | elapsed 0.1 min | ETA 0.3 min
Generation: 1,024/4,211 (24.3%) | batch 16/66 | elapsed 0.1 min | ETA 0.3 min
Generation: 1,088/4,211 (25.8%) | batch 17/66 | elapsed 0.1 min | ETA 0.3 min
Generation: 1,152/4,211 (27.4%) | batch 18/66 | elapsed 0.1 min | ETA 0.3 min
Generation: 1,216/4,211 (28.9%) | batch 19/66 | elapsed 0.1 min | ETA 0.3 min
Generation: 1,280/4,211 (30.4%) | batch 20/66 | elapsed 0.1 min | ETA 0.3 min
Generation: 1,344/4,211 (31.9%) | batch 21/66 | elapsed 0.1 min | ETA 0.3 min
Generation: 1,408/4,211 (33.4%) | batch 22/66 | elapsed 0.1 min | ETA 0.3 min
Generation: 1,472/4,211 (35.0%) | batch 23/66 | elapsed 0.2 min | ETA 0.3 min
Generation: 1,536/4,211 (36.5%) | batch 24/66 | elapsed 0.2 min | ETA 0.3 min
Generation: 1,600/4,211 (38.0%) | batch 25/66 | elapsed 0.2 min | ETA 0.3 min
Generation: 1,664/4,211 (39.5%) | batch 26/66 | elapsed 0.2 min | ETA 0.3 min
Generation: 1,728/4,211 (41.0%) | batch 27/66 | elapsed 0.2 min | ETA 0.3 min
Generation: 1,792/4,211 (42.6%) | batch 28/66 | elapsed 0.2 min | ETA 0.3 min
Generation: 1,856/4,211 (44.1%) | batch 29/66 | elapsed 0.2 min | ETA 0.2 min
Generation: 1,920/4,211 (45.6%) | batch 30/66 | elapsed 0.2 min | ETA 0.2 min
Generation: 1,984/4,211 (47.1%) | batch 31/66 | elapsed 0.2 min | ETA 0.2 min
Generation: 2,048/4,211 (48.6%) | batch 32/66 | elapsed 0.2 min | ETA 0.2 min
Generation: 2,112/4,211 (50.2%) | batch 33/66 | elapsed 0.2 min | ETA 0.2 min
Generation: 2,176/4,211 (51.7%) | batch 34/66 | elapsed 0.2 min | ETA 0.2 min
Generation: 2,240/4,211 (53.2%) | batch 35/66 | elapsed 0.2 min | ETA 0.2 min
Generation: 2,304/4,211 (54.7%) | batch 36/66 | elapsed 0.2 min | ETA 0.2 min
Generation: 2,368/4,211 (56.2%) | batch 37/66 | elapsed 0.2 min | ETA 0.2 min
Generation: 2,432/4,211 (57.8%) | batch 38/66 | elapsed 0.3 min | ETA 0.2 min
Generation: 2,496/4,211 (59.3%) | batch 39/66 | elapsed 0.3 min | ETA 0.2 min
Generation: 2,560/4,211 (60.8%) | batch 40/66 | elapsed 0.3 min | ETA 0.2 min
Generation: 2,624/4,211 (62.3%) | batch 41/66 | elapsed 0.3 min | ETA 0.2 min
Generation: 2,688/4,211 (63.8%) | batch 42/66 | elapsed 0.3 min | ETA 0.2 min
Generation: 2,752/4,211 (65.4%) | batch 43/66 | elapsed 0.3 min | ETA 0.2 min
Generation: 2,816/4,211 (66.9%) | batch 44/66 | elapsed 0.3 min | ETA 0.1 min
Generation: 2,880/4,211 (68.4%) | batch 45/66 | elapsed 0.3 min | ETA 0.1 min
Generation: 2,944/4,211 (69.9%) | batch 46/66 | elapsed 0.3 min | ETA 0.1 min
Generation: 3,008/4,211 (71.4%) | batch 47/66 | elapsed 0.3 min | ETA 0.1 min
Generation: 3,072/4,211 (73.0%) | batch 48/66 | elapsed 0.3 min | ETA 0.1 min
Generation: 3,136/4,211 (74.5%) | batch 49/66 | elapsed 0.3 min | ETA 0.1 min
Generation: 3,200/4,211 (76.0%) | batch 50/66 | elapsed 0.3 min | ETA 0.1 min
Generation: 3,264/4,211 (77.5%) | batch 51/66 | elapsed 0.3 min | ETA 0.1 min
Generation: 3,328/4,211 (79.0%) | batch 52/66 | elapsed 0.3 min | ETA 0.1 min
Generation: 3,392/4,211 (80.6%) | batch 53/66 | elapsed 0.4 min | ETA 0.1 min
Generation: 3,456/4,211 (82.1%) | batch 54/66 | elapsed 0.4 min | ETA 0.1 min
Generation: 3,520/4,211 (83.6%) | batch 55/66 | elapsed 0.4 min | ETA 0.1 min
Generation: 3,584/4,211 (85.1%) | batch 56/66 | elapsed 0.4 min | ETA 0.1 min
Generation: 3,648/4,211 (86.6%) | batch 57/66 | elapsed 0.4 min | ETA 0.1 min
Generation: 3,712/4,211 (88.2%) | batch 58/66 | elapsed 0.4 min | ETA 0.1 min
Generation: 3,776/4,211 (89.7%) | batch 59/66 | elapsed 0.4 min | ETA 0.0 min
Generation: 3,840/4,211 (91.2%) | batch 60/66 | elapsed 0.4 min | ETA 0.0 min
Generation: 3,904/4,211 (92.7%) | batch 61/66 | elapsed 0.4 min | ETA 0.0 min
Generation: 3,968/4,211 (94.2%) | batch 62/66 | elapsed 0.4 min | ETA 0.0 min
Generation: 4,032/4,211 (95.7%) | batch 63/66 | elapsed 0.4 min | ETA 0.0 min
Generation: 4,096/4,211 (97.3%) | batch 64/66 | elapsed 0.4 min | ETA 0.0 min
Generation: 4,160/4,211 (98.8%) | batch 65/66 | elapsed 0.4 min | ETA 0.0 min
Generation: 4,211/4,211 (100.0%) | batch 66/66 | elapsed 0.4 min | ETA 0.0 min
Combining generated batches and restoring dBm scale...
[4/5] Saving generated/source CSVs and latent variables...
[5/5] Computing metrics and saving figures...
Saving RSRP distribution plot...
Saving first/second difference plots...
Computing and saving temporal comparisons...
Saving example trajectories...
Saved example 1/10: episodes.png (Source 2372)
Saved example 2/10: episodes_02.png (Source 2811)
Saved example 3/10: episodes_03.png (Source 200)
Saved example 4/10: episodes_04.png (Source 2851)
Saved example 5/10: episodes_05.png (Source 3546)
Saved example 6/10: episodes_06.png (Source 2860)
Saved example 7/10: episodes_07.png (Source 1958)
Saved example 8/10: episodes_08.png (Source 162)
Saved example 9/10: episodes_09.png (Source 1989)
Saved example 10/10: episodes_10.png (Source 1835)
Saved full generated episodes: results/generated/direct_z_conv_delta_episode_v4_swapped_halves_generated_episodes.csv
Saved reusable latent variables: results/generated/direct_z_conv_delta_episode_v4_swapped_halves_generated_episodes.latents.pt
Evaluation complete.
